// Jest Snapshot v1, https://goo.gl/fbAQLP

exports[`Portal #children 1`] = `null`;

exports[`Portal empty 1`] = `null`;
